// Jest Snapshot v1, https://goo.gl/fbAQLP

exports[`Nav should match Nav snapshot 1`] = `
Object {
  "asFragment": [Function],
  "baseElement": <body>
    <div>
      <header>
        <h1
          class="brand-logo left logo_postion hide-on-small-only"
        >
          Math Magicians
        </h1>
        <nav
          class="nav-wrapper orange"
        >
          <a
            aria-current="page"
            class="active"
            href="/"
          >
            Home
          </a>
          <a
            class=""
            href="/Calculator"
          >
            Calculator
          </a>
          <a
            class=""
            href="/Quote"
          >
            Quotes
          </a>
        </nav>
      </header>
      <div
        class="home"
      >
        <h2>
          Welcome to my page
        </h2>
        <p>
          This is an app built using React that enables users do mathematical operations and also generates random math-related quotes.
          <br />
          Have some fun with the app, won't you?
        </p>
      </div>
      <footer>
        <p>
          ©App by Oscar
        </p>
      </footer>
    </div>
  </body>,
  "container": <div>
    <header>
      <h1
        class="brand-logo left logo_postion hide-on-small-only"
      >
        Math Magicians
      </h1>
      <nav
        class="nav-wrapper orange"
      >
        <a
          aria-current="page"
          class="active"
          href="/"
        >
          Home
        </a>
        <a
          class=""
          href="/Calculator"
        >
          Calculator
        </a>
        <a
          class=""
          href="/Quote"
        >
          Quotes
        </a>
      </nav>
    </header>
    <div
      class="home"
    >
      <h2>
        Welcome to my page
      </h2>
      <p>
        This is an app built using React that enables users do mathematical operations and also generates random math-related quotes.
        <br />
        Have some fun with the app, won't you?
      </p>
    </div>
    <footer>
      <p>
        ©App by Oscar
      </p>
    </footer>
  </div>,
  "debug": [Function],
  "findAllByAltText": [Function],
  "findAllByDisplayValue": [Function],
  "findAllByLabelText": [Function],
  "findAllByPlaceholderText": [Function],
  "findAllByRole": [Function],
  "findAllByTestId": [Function],
  "findAllByText": [Function],
  "findAllByTitle": [Function],
  "findByAltText": [Function],
  "findByDisplayValue": [Function],
  "findByLabelText": [Function],
  "findByPlaceholderText": [Function],
  "findByRole": [Function],
  "findByTestId": [Function],
  "findByText": [Function],
  "findByTitle": [Function],
  "getAllByAltText": [Function],
  "getAllByDisplayValue": [Function],
  "getAllByLabelText": [Function],
  "getAllByPlaceholderText": [Function],
  "getAllByRole": [Function],
  "getAllByTestId": [Function],
  "getAllByText": [Function],
  "getAllByTitle": [Function],
  "getByAltText": [Function],
  "getByDisplayValue": [Function],
  "getByLabelText": [Function],
  "getByPlaceholderText": [Function],
  "getByRole": [Function],
  "getByTestId": [Function],
  "getByText": [Function],
  "getByTitle": [Function],
  "queryAllByAltText": [Function],
  "queryAllByDisplayValue": [Function],
  "queryAllByLabelText": [Function],
  "queryAllByPlaceholderText": [Function],
  "queryAllByRole": [Function],
  "queryAllByTestId": [Function],
  "queryAllByText": [Function],
  "queryAllByTitle": [Function],
  "queryByAltText": [Function],
  "queryByDisplayValue": [Function],
  "queryByLabelText": [Function],
  "queryByPlaceholderText": [Function],
  "queryByRole": [Function],
  "queryByTestId": [Function],
  "queryByText": [Function],
  "queryByTitle": [Function],
  "rerender": [Function],
  "unmount": [Function],
}
`;
